// Jest Snapshot v1, https://goo.gl/fbAQLP

exports[`<Header /> renders correctly 1`] = `
<div
  className="header-wrapper"
>
  <header>
    <h1
      className="page-title"
    >
      Welcome to the Clark Take-Home Code Challenge
    </h1>
  </header>
</div>
`;
